../Core/Src/LCD1602.c:26:13:LCD_WriteByte	24	static
../Core/Src/LCD1602.c:81:13:LCD_SendCmd_8bit	16	static
../Core/Src/LCD1602.c:101:13:LCD_SendCmd	16	static
../Core/Src/LCD1602.c:118:13:LCD_SendByte	24	static
../Core/Src/LCD1602.c:147:6:LCD_Init	8	static
../Core/Src/LCD1602.c:238:6:LCD_PrintString	24	static
../Core/Src/LCD1602.c:340:6:LCD_Clear	8	static
../Core/Src/LCD1602.c:357:6:LCD_LedOnOff	16	static
../Core/Src/LCD1602.c:378:6:LCD_SetCursor	16	static
../Core/Src/LCD1602.c:414:6:LCD_StringRunR	8	static
../Core/Src/LCD1602.c:430:6:LCD_StringRunL	8	static
../Core/Src/LCD1602.c:446:6:LCD_TextOnOff	16	static
../Core/Src/LCD1602.c:468:6:LCD_CreateChar	24	static
../Core/Src/LCD1602.c:497:6:LCD_PrintMyChar	16	static
../Core/Src/LCD1602.c:517:6:LCD_CursorOnOff	16	static
../Core/Src/LCD1602.c:529:5:summa	16	static
